Java HotSpot(TM) 64-Bit Server VM (25.91-b15) for windows-amd64 JRE (1.8.0_91-b15), built on May 20 2016 17:43:15 by "java_re" with MS VC++ 10.0 (VS2010)
Memory: 4k page, physical 8269044k(2071016k free), swap 16536224k(9428236k free)
CommandLine flags: -XX:InitialHeapSize=4294967296 -XX:MaxHeapSize=4294967296 -XX:+PrintGC -XX:+PrintGCTimeStamps -XX:+UseCompressedClassPointers -XX:+UseCompressedOops -XX:-UseLargePagesIndividualAllocation -XX:+UseParallelGC 
0.152: [GC (System.gc())  41943K->11280K(4019712K), 0.0040364 secs]
0.156: [Full GC (System.gc())  11280K->6021K(4019712K), 0.0061644 secs]
0.216: [GC (System.gc())  47964K->6917K(4019712K), 0.0007421 secs]
0.217: [Full GC (System.gc())  6917K->6622K(4019712K), 0.0099828 secs]
0.470: [GC (System.gc())  48566K->19111K(4019712K), 0.0037518 secs]
0.474: [Full GC (System.gc())  19111K->8326K(4019712K), 0.0104925 secs]
0.487: [GC (System.gc())  50270K->8462K(4019712K), 0.0020885 secs]
0.489: [Full GC (System.gc())  8462K->7446K(4019712K), 0.0125533 secs]
0.507: [GC (System.gc())  28417K->17846K(4019712K), 0.0020602 secs]
0.509: [Full GC (System.gc())  17846K->7405K(4019712K), 0.0075770 secs]
0.519: [GC (System.gc())  28376K->7533K(4019712K), 0.0003524 secs]
0.519: [Full GC (System.gc())  7533K->7447K(4019712K), 0.0099370 secs]
0.534: [GC (System.gc())  49390K->17855K(4019712K), 0.0020826 secs]
0.536: [Full GC (System.gc())  17855K->7410K(4019712K), 0.0057809 secs]
0.542: [GC (System.gc())  49354K->7506K(4019712K), 0.0002808 secs]
0.543: [Full GC (System.gc())  7506K->7443K(4019712K), 0.0062300 secs]
0.555: [GC (System.gc())  28415K->17969K(4019712K), 0.0023227 secs]
0.557: [Full GC (System.gc())  17969K->7539K(4019712K), 0.0062583 secs]
0.569: [GC (System.gc())  49482K->8539K(4019712K), 0.0011016 secs]
0.571: [Full GC (System.gc())  8539K->8464K(4019712K), 0.0087225 secs]
0.592: [GC (System.gc())  50407K->18950K(4019712K), 0.0023843 secs]
0.594: [Full GC (System.gc())  18950K->7683K(4019712K), 0.0124096 secs]
0.610: [GC (System.gc())  28655K->8035K(4019712K), 0.0005611 secs]
0.610: [Full GC (System.gc())  8035K->7966K(4019712K), 0.0095156 secs]
